
> syriahub@0.6.2 test
> vitest tests/unit/api/comments.test.ts

node.exe : (node:66720) ExperimentalWarning: CommonJS module 
C:\Users\AvArc\RiderProjects\SyriaHub\vitest.config.ts is 
loading ES Module C:\Users\AvArc\RiderProjects\SyriaHub\node_
modules\@vitejs\plugin-react\dist\index.js using require().
At C:\Program Files\nodejs\npm.ps1:29 char:3
+   & $NODE_EXE $NPM_CLI_JS $args
+   ~~~~~~~~~~~~~~~~~~~~~~~~~~~~~
    + CategoryInfo          : NotSpecified: ((node:66720) Ex 
   ...sing require().:String) [], RemoteException
    + FullyQualifiedErrorId : NativeCommandError
 
Support for loading ES Module in require() is an 
experimental feature and might change at any time
(Use `node --trace-warnings ...` to show where the warning 
was created)

[1m[44m DEV [49m[22m [34mv4.0.16 [39m[90mC:/Users/AvArc/RiderProjects/SyriaHub[39m

[90mstdout[2m | tests/unit/api/comments.test.ts
[22m[39m[dotenv@17.2.3] injecting env (21) from .env.local -- tip: ΓÜÖ∩╕Å  enable debug logging with { debug: true }
[dotenv@17.2.3] injecting env (0) from .env -- tip: ≡ƒæÑ sync secrets across teammates & machines: https://dotenvx.com/ops

[90mstdout[2m | tests/unit/api/comments.test.ts[2m > [22m[2mComments API Routes[2m > [22m[2mGET /api/comments[2m > [22m[2mshould fetch comments for a post
[22m[39mVI OBJECT: [
  [32m'useFakeTimers'[39m,
  [32m'isFakeTimers'[39m,
  [32m'useRealTimers'[39m,
  [32m'runOnlyPendingTimers'[39m,
  [32m'runOnlyPendingTimersAsync'[39m,
  [32m'runAllTimers'[39m,
  [32m'runAllTimersAsync'[39m,
  [32m'runAllTicks'[39m,
  [32m'advanceTimersByTime'[39m,
  [32m'advanceTimersByTimeAsync'[39m,
  [32m'advanceTimersToNextTimer'[39m,
  [32m'advanceTimersToNextTimerAsync'[39m,
  [32m'advanceTimersToNextFrame'[39m,
  [32m'getTimerCount'[39m,
  [32m'setSystemTime'[39m,
  [32m'getMockedSystemTime'[39m,
  [32m'getRealSystemTime'[39m,
  [32m'clearAllTimers'[39m,
  [32m'spyOn'[39m,
  [32m'fn'[39m,
  [32m'waitFor'[39m,
  [32m'waitUntil'[39m,
  [32m'hoisted'[39m,
  [32m'mock'[39m,
  [32m'unmock'[39m,
  [32m'doMock'[39m,
  [32m'doUnmock'[39m,
  [32m'importActual'[39m,
  [32m'importMock'[39m,
  [32m'mockObject'[39m,
  [32m'mocked'[39m,
  [32m'isMockFunction'[39m,
  [32m'clearAllMocks'[39m,
  [32m'resetAllMocks'[39m,
  [32m'restoreAllMocks'[39m,
  [32m'stubGlobal'[39m,
  [32m'stubEnv'[39m,
  [32m'unstubAllGlobals'[39m,
  [32m'unstubAllEnvs'[39m,
  [32m'resetModules'[39m,
  [32m'dynamicImportSettled'[39m,
  [32m'setConfig'[39m,
  [32m'resetConfig'[39m
]

[90mstdout[2m | tests/unit/api/comments.test.ts[2m > [22m[2mComments API Routes[2m > [22m[2mGET /api/comments[2m > [22m[2mshould require post_id parameter
[22m[39mVI OBJECT: [
  [32m'useFakeTimers'[39m,
  [32m'isFakeTimers'[39m,
  [32m'useRealTimers'[39m,
  [32m'runOnlyPendingTimers'[39m,
  [32m'runOnlyPendingTimersAsync'[39m,
  [32m'runAllTimers'[39m,
  [32m'runAllTimersAsync'[39m,
  [32m'runAllTicks'[39m,
  [32m'advanceTimersByTime'[39m,
  [32m'advanceTimersByTimeAsync'[39m,
  [32m'advanceTimersToNextTimer'[39m,
  [32m'advanceTimersToNextTimerAsync'[39m,
  [32m'advanceTimersToNextFrame'[39m,
  [32m'getTimerCount'[39m,
  [32m'setSystemTime'[39m,
  [32m'getMockedSystemTime'[39m,
  [32m'getRealSystemTime'[39m,
  [32m'clearAllTimers'[39m,
  [32m'spyOn'[39m,
  [32m'fn'[39m,
  [32m'waitFor'[39m,
  [32m'waitUntil'[39m,
  [32m'hoisted'[39m,
  [32m'mock'[39m,
  [32m'unmock'[39m,
  [32m'doMock'[39m,
  [32m'doUnmock'[39m,
  [32m'importActual'[39m,
  [32m'importMock'[39m,
  [32m'mockObject'[39m,
  [32m'mocked'[39m,
  [32m'isMockFunction'[39m,
  [32m'clearAllMocks'[39m,
  [32m'resetAllMocks'[39m,
  [32m'restoreAllMocks'[39m,
  [32m'stubGlobal'[39m,
  [32m'stubEnv'[39m,
  [32m'unstubAllGlobals'[39m,
  [32m'unstubAllEnvs'[39m,
  [32m'resetModules'[39m,
  [32m'dynamicImportSettled'[39m,
  [32m'setConfig'[39m,
  [32m'resetConfig'[39m
]

[90mstdout[2m | tests/unit/api/comments.test.ts[2m > [22m[2mComments API Routes[2m > [22m[2mGET /api/comments[2m > [22m[2mshould order comments by creation date
[22m[39mVI OBJECT: [
  [32m'useFakeTimers'[39m,
  [32m'isFakeTimers'[39m,
  [32m'useRealTimers'[39m,
  [32m'runOnlyPendingTimers'[39m,
  [32m'runOnlyPendingTimersAsync'[39m,
  [32m'runAllTimers'[39m,
  [32m'runAllTimersAsync'[39m,
  [32m'runAllTicks'[39m,
  [32m'advanceTimersByTime'[39m,
  [32m'advanceTimersByTimeAsync'[39m,
  [32m'advanceTimersToNextTimer'[39m,
  [32m'advanceTimersToNextTimerAsync'[39m,
  [32m'advanceTimersToNextFrame'[39m,
  [32m'getTimerCount'[39m,
  [32m'setSystemTime'[39m,
  [32m'getMockedSystemTime'[39m,
  [32m'getRealSystemTime'[39m,
  [32m'clearAllTimers'[39m,
  [32m'spyOn'[39m,
  [32m'fn'[39m,
  [32m'waitFor'[39m,
  [32m'waitUntil'[39m,
  [32m'hoisted'[39m,
  [32m'mock'[39m,
  [32m'unmock'[39m,
  [32m'doMock'[39m,
  [32m'doUnmock'[39m,
  [32m'importActual'[39m,
  [32m'importMock'[39m,
  [32m'mockObject'[39m,
  [32m'mocked'[39m,
  [32m'isMockFunction'[39m,
  [32m'clearAllMocks'[39m,
  [32m'resetAllMocks'[39m,
  [32m'restoreAllMocks'[39m,
  [32m'stubGlobal'[39m,
  [32m'stubEnv'[39m,
  [32m'unstubAllGlobals'[39m,
  [32m'unstubAllEnvs'[39m,
  [32m'resetModules'[39m,
  [32m'dynamicImportSettled'[39m,
  [32m'setConfig'[39m,
  [32m'resetConfig'[39m
]

[90mstdout[2m | tests/unit/api/comments.test.ts[2m > [22m[2mComments API Routes[2m > [22m[2mGET /api/comments[2m > [22m[2mshould fetch nested replies
[22m[39mVI OBJECT: [
  [32m'useFakeTimers'[39m,
  [32m'isFakeTimers'[39m,
  [32m'useRealTimers'[39m,
  [32m'runOnlyPendingTimers'[39m,
  [32m'runOnlyPendingTimersAsync'[39m,
  [32m'runAllTimers'[39m,
  [32m'runAllTimersAsync'[39m,
  [32m'runAllTicks'[39m,
  [32m'advanceTimersByTime'[39m,
  [32m'advanceTimersByTimeAsync'[39m,
  [32m'advanceTimersToNextTimer'[39m,
  [32m'advanceTimersToNextTimerAsync'[39m,
  [32m'advanceTimersToNextFrame'[39m,
  [32m'getTimerCount'[39m,
  [32m'setSystemTime'[39m,
  [32m'getMockedSystemTime'[39m,
  [32m'getRealSystemTime'[39m,
  [32m'clearAllTimers'[39m,
  [32m'spyOn'[39m,
  [32m'fn'[39m,
  [32m'waitFor'[39m,
  [32m'waitUntil'[39m,
  [32m'hoisted'[39m,
  [32m'mock'[39m,
  [32m'unmock'[39m,
  [32m'doMock'[39m,
  [32m'doUnmock'[39m,
  [32m'importActual'[39m,
  [32m'importMock'[39m,
  [32m'mockObject'[39m,
  [32m'mocked'[39m,
  [32m'isMockFunction'[39m,
  [32m'clearAllMocks'[39m,
  [32m'resetAllMocks'[39m,
  [32m'restoreAllMocks'[39m,
  [32m'stubGlobal'[39m,
  [32m'stubEnv'[39m,
  [32m'unstubAllGlobals'[39m,
  [32m'unstubAllEnvs'[39m,
  [32m'resetModules'[39m,
  [32m'dynamicImportSettled'[39m,
  [32m'setConfig'[39m,
  [32m'resetConfig'[39m
]

[90mstdout[2m | tests/unit/api/comments.test.ts[2m > [22m[2mComments API Routes[2m > [22m[2mGET /api/comments[2m > [22m[2mshould handle database errors
[22m[39mVI OBJECT: [
  [32m'useFakeTimers'[39m,
  [32m'isFakeTimers'[39m,
  [32m'useRealTimers'[39m,
  [32m'runOnlyPendingTimers'[39m,
  [32m'runOnlyPendingTimersAsync'[39m,
  [32m'runAllTimers'[39m,
  [32m'runAllTimersAsync'[39m,
  [32m'runAllTicks'[39m,
  [32m'advanceTimersByTime'[39m,
  [32m'advanceTimersByTimeAsync'[39m,
  [32m'advanceTimersToNextTimer'[39m,
  [32m'advanceTimersToNextTimerAsync'[39m,
  [32m'advanceTimersToNextFrame'[39m,
  [32m'getTimerCount'[39m,
  [32m'setSystemTime'[39m,
  [32m'getMockedSystemTime'[39m,
  [32m'getRealSystemTime'[39m,
  [32m'clearAllTimers'[39m,
  [32m'spyOn'[39m,
  [32m'fn'[39m,
  [32m'waitFor'[39m,
  [32m'waitUntil'[39m,
  [32m'hoisted'[39m,
  [32m'mock'[39m,
  [32m'unmock'[39m,
  [32m'doMock'[39m,
  [32m'doUnmock'[39m,
  [32m'importActual'[39m,
  [32m'importMock'[39m,
  [32m'mockObject'[39m,
  [32m'mocked'[39m,
  [32m'isMockFunction'[39m,
  [32m'clearAllMocks'[39m,
  [32m'resetAllMocks'[39m,
  [32m'restoreAllMocks'[39m,
  [32m'stubGlobal'[39m,
  [32m'stubEnv'[39m,
  [32m'unstubAllGlobals'[39m,
  [32m'unstubAllEnvs'[39m,
  [32m'resetModules'[39m,
  [32m'dynamicImportSettled'[39m,
  [32m'setConfig'[39m,
  [32m'resetConfig'[39m
]

[90mstdout[2m | tests/unit/api/comments.test.ts[2m > [22m[2mComments API Routes[2m > [22m[2mPOST /api/comments[2m > [22m[2mshould create a new comment
[22m[39mVI OBJECT: [
  [32m'useFakeTimers'[39m,
  [32m'isFakeTimers'[39m,
  [32m'useRealTimers'[39m,
  [32m'runOnlyPendingTimers'[39m,
  [32m'runOnlyPendingTimersAsync'[39m,
  [32m'runAllTimers'[39m,
  [32m'runAllTimersAsync'[39m,
  [32m'runAllTicks'[39m,
  [32m'advanceTimersByTime'[39m,
  [32m'advanceTimersByTimeAsync'[39m,
  [32m'advanceTimersToNextTimer'[39m,
  [32m'advanceTimersToNextTimerAsync'[39m,
  [32m'advanceTimersToNextFrame'[39m,
  [32m'getTimerCount'[39m,
  [32m'setSystemTime'[39m,
  [32m'getMockedSystemTime'[39m,
  [32m'getRealSystemTime'[39m,
  [32m'clearAllTimers'[39m,
  [32m'spyOn'[39m,
  [32m'fn'[39m,
  [32m'waitFor'[39m,
  [32m'waitUntil'[39m,
  [32m'hoisted'[39m,
  [32m'mock'[39m,
  [32m'unmock'[39m,
  [32m'doMock'[39m,
  [32m'doUnmock'[39m,
  [32m'importActual'[39m,
  [32m'importMock'[39m,
  [32m'mockObject'[39m,
  [32m'mocked'[39m,
  [32m'isMockFunction'[39m,
  [32m'clearAllMocks'[39m,
  [32m'resetAllMocks'[39m,
  [32m'restoreAllMocks'[39m,
  [32m'stubGlobal'[39m,
  [32m'stubEnv'[39m,
  [32m'unstubAllGlobals'[39m,
  [32m'unstubAllEnvs'[39m,
  [32m'resetModules'[39m,
  [32m'dynamicImportSettled'[39m,
  [32m'setConfig'[39m,
  [32m'resetConfig'[39m
]

[90mstdout[2m | tests/unit/api/comments.test.ts[2m > [22m[2mComments API Routes[2m > [22m[2mPOST /api/comments[2m > [22m[2mshould require authentication
[22m[39mVI OBJECT: [
  [32m'useFakeTimers'[39m,
  [32m'isFakeTimers'[39m,
  [32m'useRealTimers'[39m,
  [32m'runOnlyPendingTimers'[39m,
  [32m'runOnlyPendingTimersAsync'[39m,
  [32m'runAllTimers'[39m,
  [32m'runAllTimersAsync'[39m,
  [32m'runAllTicks'[39m,
  [32m'advanceTimersByTime'[39m,
  [32m'advanceTimersByTimeAsync'[39m,
  [32m'advanceTimersToNextTimer'[39m,
  [32m'advanceTimersToNextTimerAsync'[39m,
  [32m'advanceTimersToNextFrame'[39m,
  [32m'getTimerCount'[39m,
  [32m'setSystemTime'[39m,
  [32m'getMockedSystemTime'[39m,
  [32m'getRealSystemTime'[39m,
  [32m'clearAllTimers'[39m,
  [32m'spyOn'[39m,
  [32m'fn'[39m,
  [32m'waitFor'[39m,
  [32m'waitUntil'[39m,
  [32m'hoisted'[39m,
  [32m'mock'[39m,
  [32m'unmock'[39m,
  [32m'doMock'[39m,
  [32m'doUnmock'[39m,
  [32m'importActual'[39m,
  [32m'importMock'[39m,
  [32m'mockObject'[39m,
  [32m'mocked'[39m,
  [32m'isMockFunction'[39m,
  [32m'clearAllMocks'[39m,
  [32m'resetAllMocks'[39m,
  [32m'restoreAllMocks'[39m,
  [32m'stubGlobal'[39m,
  [32m'stubEnv'[39m,
  [32m'unstubAllGlobals'[39m,
  [32m'unstubAllEnvs'[39m,
  [32m'resetModules'[39m,
  [32m'dynamicImportSettled'[39m,
  [32m'setConfig'[39m,
  [32m'resetConfig'[39m
]

[90mstdout[2m | tests/unit/api/comments.test.ts[2m > [22m[2mComments API Routes[2m > [22m[2mPOST /api/comments[2m > [22m[2mshould validate minimum content length
[22m[39mVI OBJECT: [
  [32m'useFakeTimers'[39m,
  [32m'isFakeTimers'[39m,
  [32m'useRealTimers'[39m,
  [32m'runOnlyPendingTimers'[39m,
  [32m'runOnlyPendingTimersAsync'[39m,
  [32m'runAllTimers'[39m,
  [32m'runAllTimersAsync'[39m,
  [32m'runAllTicks'[39m,
  [32m'advanceTimersByTime'[39m,
  [32m'advanceTimersByTimeAsync'[39m,
  [32m'advanceTimersToNextTimer'[39m,
  [32m'advanceTimersToNextTimerAsync'[39m,
  [32m'advanceTimersToNextFrame'[39m,
  [32m'getTimerCount'[39m,
  [32m'setSystemTime'[39m,
  [32m'getMockedSystemTime'[39m,
  [32m'getRealSystemTime'[39m,
  [32m'clearAllTimers'[39m,
  [32m'spyOn'[39m,
  [32m'fn'[39m,
  [32m'waitFor'[39m,
  [32m'waitUntil'[39m,
  [32m'hoisted'[39m,
  [32m'mock'[39m,
  [32m'unmock'[39m,
  [32m'doMock'[39m,
  [32m'doUnmock'[39m,
  [32m'importActual'[39m,
  [32m'importMock'[39m,
  [32m'mockObject'[39m,
  [32m'mocked'[39m,
  [32m'isMockFunction'[39m,
  [32m'clearAllMocks'[39m,
  [32m'resetAllMocks'[39m,
  [32m'restoreAllMocks'[39m,
  [32m'stubGlobal'[39m,
  [32m'stubEnv'[39m,
  [32m'unstubAllGlobals'[39m,
  [32m'unstubAllEnvs'[39m,
  [32m'resetModules'[39m,
  [32m'dynamicImportSettled'[39m,
  [32m'setConfig'[39m,
  [32m'resetConfig'[39m
]

[90mstdout[2m | tests/unit/api/comments.test.ts[2m > [22m[2mComments API Routes[2m > [22m[2mPOST /api/comments[2m > [22m[2mshould validate maximum content length
[22m[39mVI OBJECT: [
  [32m'useFakeTimers'[39m,
  [32m'isFakeTimers'[39m,
  [32m'useRealTimers'[39m,
  [32m'runOnlyPendingTimers'[39m,
  [32m'runOnlyPendingTimersAsync'[39m,
  [32m'runAllTimers'[39m,
  [32m'runAllTimersAsync'[39m,
  [32m'runAllTicks'[39m,
  [32m'advanceTimersByTime'[39m,
  [32m'advanceTimersByTimeAsync'[39m,
  [32m'advanceTimersToNextTimer'[39m,
  [32m'advanceTimersToNextTimerAsync'[39m,
  [32m'advanceTimersToNextFrame'[39m,
  [32m'getTimerCount'[39m,
  [32m'setSystemTime'[39m,
  [32m'getMockedSystemTime'[39m,
  [32m'getRealSystemTime'[39m,
  [32m'clearAllTimers'[39m,
  [32m'spyOn'[39m,
  [32m'fn'[39m,
  [32m'waitFor'[39m,
  [32m'waitUntil'[39m,
  [32m'hoisted'[39m,
  [32m'mock'[39m,
  [32m'unmock'[39m,
  [32m'doMock'[39m,
  [32m'doUnmock'[39m,
  [32m'importActual'[39m,
  [32m'importMock'[39m,
  [32m'mockObject'[39m,
  [32m'mocked'[39m,
  [32m'isMockFunction'[39m,
  [32m'clearAllMocks'[39m,
  [32m'resetAllMocks'[39m,
  [32m'restoreAllMocks'[39m,
  [32m'stubGlobal'[39m,
  [32m'stubEnv'[39m,
  [32m'unstubAllGlobals'[39m,
  [32m'unstubAllEnvs'[39m,
  [32m'resetModules'[39m,
  [32m'dynamicImportSettled'[39m,
  [32m'setConfig'[39m,
  [32m'resetConfig'[39m
]

[90mstdout[2m | tests/unit/api/comments.test.ts[2m > [22m[2mComments API Routes[2m > [22m[2mPOST /api/comments[2m > [22m[2mshould support reply to parent comment
[22m[39mVI OBJECT: [
  [32m'useFakeTimers'[39m,
  [32m'isFakeTimers'[39m,
  [32m'useRealTimers'[39m,
  [32m'runOnlyPendingTimers'[39m,
  [32m'runOnlyPendingTimersAsync'[39m,
  [32m'runAllTimers'[39m,
  [32m'runAllTimersAsync'[39m,
  [32m'runAllTicks'[39m,
  [32m'advanceTimersByTime'[39m,
  [32m'advanceTimersByTimeAsync'[39m,
  [32m'advanceTimersToNextTimer'[39m,
  [32m'advanceTimersToNextTimerAsync'[39m,
  [32m'advanceTimersToNextFrame'[39m,
  [32m'getTimerCount'[39m,
  [32m'setSystemTime'[39m,
  [32m'getMockedSystemTime'[39m,
  [32m'getRealSystemTime'[39m,
  [32m'clearAllTimers'[39m,
  [32m'spyOn'[39m,
  [32m'fn'[39m,
  [32m'waitFor'[39m,
  [32m'waitUntil'[39m,
  [32m'hoisted'[39m,
  [32m'mock'[39m,
  [32m'unmock'[39m,
  [32m'doMock'[39m,
  [32m'doUnmock'[39m,
  [32m'importActual'[39m,
  [32m'importMock'[39m,
  [32m'mockObject'[39m,
  [32m'mocked'[39m,
  [32m'isMockFunction'[39m,
  [32m'clearAllMocks'[39m,
  [32m'resetAllMocks'[39m,
  [32m'restoreAllMocks'[39m,
  [32m'stubGlobal'[39m,
  [32m'stubEnv'[39m,
  [32m'unstubAllGlobals'[39m,
  [32m'unstubAllEnvs'[39m,
  [32m'resetModules'[39m,
  [32m'dynamicImportSettled'[39m,
  [32m'setConfig'[39m,
  [32m'resetConfig'[39m
]

[90mstdout[2m | tests/unit/api/comments.test.ts[2m > [22m[2mComments API Routes[2m > [22m[2mPOST /api/comments[2m > [22m[2mshould check content for moderation
[22m[39mVI OBJECT: [
  [32m'useFakeTimers'[39m,
  [32m'isFakeTimers'[39m,
  [32m'useRealTimers'[39m,
  [32m'runOnlyPendingTimers'[39m,
  [32m'runOnlyPendingTimersAsync'[39m,
  [32m'runAllTimers'[39m,
  [32m'runAllTimersAsync'[39m,
  [32m'runAllTicks'[39m,
  [32m'advanceTimersByTime'[39m,
  [32m'advanceTimersByTimeAsync'[39m,
  [32m'advanceTimersToNextTimer'[39m,
  [32m'advanceTimersToNextTimerAsync'[39m,
  [32m'advanceTimersToNextFrame'[39m,
  [32m'getTimerCount'[39m,
  [32m'setSystemTime'[39m,
  [32m'getMockedSystemTime'[39m,
  [32m'getRealSystemTime'[39m,
  [32m'clearAllTimers'[39m,
  [32m'spyOn'[39m,
  [32m'fn'[39m,
  [32m'waitFor'[39m,
  [32m'waitUntil'[39m,
  [32m'hoisted'[39m,
  [32m'mock'[39m,
  [32m'unmock'[39m,
  [32m'doMock'[39m,
  [32m'doUnmock'[39m,
  [32m'importActual'[39m,
  [32m'importMock'[39m,
  [32m'mockObject'[39m,
  [32m'mocked'[39m,
  [32m'isMockFunction'[39m,
  [32m'clearAllMocks'[39m,
  [32m'resetAllMocks'[39m,
  [32m'restoreAllMocks'[39m,
  [32m'stubGlobal'[39m,
  [32m'stubEnv'[39m,
  [32m'unstubAllGlobals'[39m,
  [32m'unstubAllEnvs'[39m,
  [32m'resetModules'[39m,
  [32m'dynamicImportSettled'[39m,
  [32m'setConfig'[39m,
  [32m'resetConfig'[39m
]

[90mstdout[2m | tests/unit/api/comments.test.ts[2m > [22m[2mComments API Routes[2m > [22m[2mPOST /api/comments[2m > [22m[2mshould sanitize HTML in content
[22m[39mVI OBJECT: [
  [32m'useFakeTimers'[39m,
  [32m'isFakeTimers'[39m,
  [32m'useRealTimers'[39m,
  [32m'runOnlyPendingTimers'[39m,
  [32m'runOnlyPendingTimersAsync'[39m,
  [32m'runAllTimers'[39m,
  [32m'runAllTimersAsync'[39m,
  [32m'runAllTicks'[39m,
  [32m'advanceTimersByTime'[39m,
  [32m'advanceTimersByTimeAsync'[39m,
  [32m'advanceTimersToNextTimer'[39m,
  [32m'advanceTimersToNextTimerAsync'[39m,
  [32m'advanceTimersToNextFrame'[39m,
  [32m'getTimerCount'[39m,
  [32m'setSystemTime'[39m,
  [32m'getMockedSystemTime'[39m,
  [32m'getRealSystemTime'[39m,
  [32m'clearAllTimers'[39m,
  [32m'spyOn'[39m,
  [32m'fn'[39m,
  [32m'waitFor'[39m,
  [32m'waitUntil'[39m,
  [32m'hoisted'[39m,
  [32m'mock'[39m,
  [32m'unmock'[39m,
  [32m'doMock'[39m,
  [32m'doUnmock'[39m,
  [32m'importActual'[39m,
  [32m'importMock'[39m,
  [32m'mockObject'[39m,
  [32m'mocked'[39m,
  [32m'isMockFunction'[39m,
  [32m'clearAllMocks'[39m,
  [32m'resetAllMocks'[39m,
  [32m'restoreAllMocks'[39m,
  [32m'stubGlobal'[39m,
  [32m'stubEnv'[39m,
  [32m'unstubAllGlobals'[39m,
  [32m'unstubAllEnvs'[39m,
  [32m'resetModules'[39m,
  [32m'dynamicImportSettled'[39m,
  [32m'setConfig'[39m,
  [32m'resetConfig'[39m
]

[90mstdout[2m | tests/unit/api/comments.test.ts[2m > [22m[2mComments API Routes[2m > [22m[2mPATCH /api/comments/:id[2m > [22m[2mshould update own comment
[22m[39mVI OBJECT: [
  [32m'useFakeTimers'[39m,
  [32m'isFakeTimers'[39m,
  [32m'useRealTimers'[39m,
  [32m'runOnlyPendingTimers'[39m,
  [32m'runOnlyPendingTimersAsync'[39m,
  [32m'runAllTimers'[39m,
  [32m'runAllTimersAsync'[39m,
  [32m'runAllTicks'[39m,
  [32m'advanceTimersByTime'[39m,
  [32m'advanceTimersByTimeAsync'[39m,
  [32m'advanceTimersToNextTimer'[39m,
  [32m'advanceTimersToNextTimerAsync'[39m,
  [32m'advanceTimersToNextFrame'[39m,
  [32m'getTimerCount'[39m,
  [32m'setSystemTime'[39m,
  [32m'getMockedSystemTime'[39m,
  [32m'getRealSystemTime'[39m,
  [32m'clearAllTimers'[39m,
  [32m'spyOn'[39m,
  [32m'fn'[39m,
  [32m'waitFor'[39m,
  [32m'waitUntil'[39m,
  [32m'hoisted'[39m,
  [32m'mock'[39m,
  [32m'unmock'[39m,
  [32m'doMock'[39m,
  [32m'doUnmock'[39m,
  [32m'importActual'[39m,
  [32m'importMock'[39m,
  [32m'mockObject'[39m,
  [32m'mocked'[39m,
  [32m'isMockFunction'[39m,
  [32m'clearAllMocks'[39m,
  [32m'resetAllMocks'[39m,
  [32m'restoreAllMocks'[39m,
  [32m'stubGlobal'[39m,
  [32m'stubEnv'[39m,
  [32m'unstubAllGlobals'[39m,
  [32m'unstubAllEnvs'[39m,
  [32m'resetModules'[39m,
  [32m'dynamicImportSettled'[39m,
  [32m'setConfig'[39m,
  [32m'resetConfig'[39m
]

[90mstdout[2m | tests/unit/api/comments.test.ts[2m > [22m[2mComments API Routes[2m > [22m[2mPATCH /api/comments/:id[2m > [22m[2mshould reject update of others comment
[22m[39mVI OBJECT: [
  [32m'useFakeTimers'[39m,
  [32m'isFakeTimers'[39m,
  [32m'useRealTimers'[39m,
  [32m'runOnlyPendingTimers'[39m,
  [32m'runOnlyPendingTimersAsync'[39m,
  [32m'runAllTimers'[39m,
  [32m'runAllTimersAsync'[39m,
  [32m'runAllTicks'[39m,
  [32m'advanceTimersByTime'[39m,
  [32m'advanceTimersByTimeAsync'[39m,
  [32m'advanceTimersToNextTimer'[39m,
  [32m'advanceTimersToNextTimerAsync'[39m,
  [32m'advanceTimersToNextFrame'[39m,
  [32m'getTimerCount'[39m,
  [32m'setSystemTime'[39m,
  [32m'getMockedSystemTime'[39m,
  [32m'getRealSystemTime'[39m,
  [32m'clearAllTimers'[39m,
  [32m'spyOn'[39m,
  [32m'fn'[39m,
  [32m'waitFor'[39m,
  [32m'waitUntil'[39m,
  [32m'hoisted'[39m,
  [32m'mock'[39m,
  [32m'unmock'[39m,
  [32m'doMock'[39m,
  [32m'doUnmock'[39m,
  [32m'importActual'[39m,
  [32m'importMock'[39m,
  [32m'mockObject'[39m,
  [32m'mocked'[39m,
  [32m'isMockFunction'[39m,
  [32m'clearAllMocks'[39m,
  [32m'resetAllMocks'[39m,
  [32m'restoreAllMocks'[39m,
  [32m'stubGlobal'[39m,
  [32m'stubEnv'[39m,
  [32m'unstubAllGlobals'[39m,
  [32m'unstubAllEnvs'[39m,
  [32m'resetModules'[39m,
  [32m'dynamicImportSettled'[39m,
  [32m'setConfig'[39m,
  [32m'resetConfig'[39m
]

[90mstdout[2m | tests/unit/api/comments.test.ts[2m > [22m[2mComments API Routes[2m > [22m[2mPATCH /api/comments/:id[2m > [22m[2mshould mark edited comments
[22m[39mVI OBJECT: [
  [32m'useFakeTimers'[39m,
  [32m'isFakeTimers'[39m,
  [32m'useRealTimers'[39m,
  [32m'runOnlyPendingTimers'[39m,
  [32m'runOnlyPendingTimersAsync'[39m,
  [32m'runAllTimers'[39m,
  [32m'runAllTimersAsync'[39m,
  [32m'runAllTicks'[39m,
  [32m'advanceTimersByTime'[39m,
  [32m'advanceTimersByTimeAsync'[39m,
  [32m'advanceTimersToNextTimer'[39m,
  [32m'advanceTimersToNextTimerAsync'[39m,
  [32m'advanceTimersToNextFrame'[39m,
  [32m'getTimerCount'[39m,
  [32m'setSystemTime'[39m,
  [32m'getMockedSystemTime'[39m,
  [32m'getRealSystemTime'[39m,
  [32m'clearAllTimers'[39m,
  [32m'spyOn'[39m,
  [32m'fn'[39m,
  [32m'waitFor'[39m,
  [32m'waitUntil'[39m,
  [32m'hoisted'[39m,
  [32m'mock'[39m,
  [32m'unmock'[39m,
  [32m'doMock'[39m,
  [32m'doUnmock'[39m,
  [32m'importActual'[39m,
  [32m'importMock'[39m,
  [32m'mockObject'[39m,
  [32m'mocked'[39m,
  [32m'isMockFunction'[39m,
  [32m'clearAllMocks'[39m,
  [32m'resetAllMocks'[39m,
  [32m'restoreAllMocks'[39m,
  [32m'stubGlobal'[39m,
  [32m'stubEnv'[39m,
  [32m'unstubAllGlobals'[39m,
  [32m'unstubAllEnvs'[39m,
  [32m'resetModules'[39m,
  [32m'dynamicImportSettled'[39m,
  [32m'setConfig'[39m,
  [32m'resetConfig'[39m
]

[90mstdout[2m | tests/unit/api/comments.test.ts[2m > [22m[2mComments API Routes[2m > [22m[2mDELETE /api/comments/:id[2m > [22m[2mshould delete own comment
[22m[39mVI OBJECT: [
  [32m'useFakeTimers'[39m,
  [32m'isFakeTimers'[39m,
  [32m'useRealTimers'[39m,
  [32m'runOnlyPendingTimers'[39m,
  [32m'runOnlyPendingTimersAsync'[39m,
  [32m'runAllTimers'[39m,
  [32m'runAllTimersAsync'[39m,
  [32m'runAllTicks'[39m,
  [32m'advanceTimersByTime'[39m,
  [32m'advanceTimersByTimeAsync'[39m,
  [32m'advanceTimersToNextTimer'[39m,
  [32m'advanceTimersToNextTimerAsync'[39m,
  [32m'advanceTimersToNextFrame'[39m,
  [32m'getTimerCount'[39m,
  [32m'setSystemTime'[39m,
  [32m'getMockedSystemTime'[39m,
  [32m'getRealSystemTime'[39m,
  [32m'clearAllTimers'[39m,
  [32m'spyOn'[39m,
  [32m'fn'[39m,
  [32m'waitFor'[39m,
  [32m'waitUntil'[39m,
  [32m'hoisted'[39m,
  [32m'mock'[39m,
  [32m'unmock'[39m,
  [32m'doMock'[39m,
  [32m'doUnmock'[39m,
  [32m'importActual'[39m,
  [32m'importMock'[39m,
  [32m'mockObject'[39m,
  [32m'mocked'[39m,
  [32m'isMockFunction'[39m,
  [32m'clearAllMocks'[39m,
  [32m'resetAllMocks'[39m,
  [32m'restoreAllMocks'[39m,
  [32m'stubGlobal'[39m,
  [32m'stubEnv'[39m,
  [32m'unstubAllGlobals'[39m,
  [32m'unstubAllEnvs'[39m,
  [32m'resetModules'[39m,
  [32m'dynamicImportSettled'[39m,
  [32m'setConfig'[39m,
  [32m'resetConfig'[39m
]

[90mstdout[2m | tests/unit/api/comments.test.ts[2m > [22m[2mComments API Routes[2m > [22m[2mDELETE /api/comments/:id[2m > [22m[2mshould reject deletion of others comment
[22m[39mVI OBJECT: [
  [32m'useFakeTimers'[39m,
  [32m'isFakeTimers'[39m,
  [32m'useRealTimers'[39m,
  [32m'runOnlyPendingTimers'[39m,
  [32m'runOnlyPendingTimersAsync'[39m,
  [32m'runAllTimers'[39m,
  [32m'runAllTimersAsync'[39m,
  [32m'runAllTicks'[39m,
  [32m'advanceTimersByTime'[39m,
  [32m'advanceTimersByTimeAsync'[39m,
  [32m'advanceTimersToNextTimer'[39m,
  [32m'advanceTimersToNextTimerAsync'[39m,
  [32m'advanceTimersToNextFrame'[39m,
  [32m'getTimerCount'[39m,
  [32m'setSystemTime'[39m,
  [32m'getMockedSystemTime'[39m,
  [32m'getRealSystemTime'[39m,
  [32m'clearAllTimers'[39m,
  [32m'spyOn'[39m,
  [32m'fn'[39m,
  [32m'waitFor'[39m,
  [32m'waitUntil'[39m,
  [32m'hoisted'[39m,
  [32m'mock'[39m,
  [32m'unmock'[39m,
  [32m'doMock'[39m,
  [32m'doUnmock'[39m,
  [32m'importActual'[39m,
  [32m'importMock'[39m,
  [32m'mockObject'[39m,
  [32m'mocked'[39m,
  [32m'isMockFunction'[39m,
  [32m'clearAllMocks'[39m,
  [32m'resetAllMocks'[39m,
  [32m'restoreAllMocks'[39m,
  [32m'stubGlobal'[39m,
  [32m'stubEnv'[39m,
  [32m'unstubAllGlobals'[39m,
  [32m'unstubAllEnvs'[39m,
  [32m'resetModules'[39m,
  [32m'dynamicImportSettled'[39m,
  [32m'setConfig'[39m,
  [32m'resetConfig'[39m
]

[90mstdout[2m | tests/unit/api/comments.test.ts[2m > [22m[2mComments API Routes[2m > [22m[2mDELETE /api/comments/:id[2m > [22m[2mshould soft delete comments with replies
[22m[39mVI OBJECT: [
  [32m'useFakeTimers'[39m,
  [32m'isFakeTimers'[39m,
  [32m'useRealTimers'[39m,
  [32m'runOnlyPendingTimers'[39m,
  [32m'runOnlyPendingTimersAsync'[39m,
  [32m'runAllTimers'[39m,
  [32m'runAllTimersAsync'[39m,
  [32m'runAllTicks'[39m,
  [32m'advanceTimersByTime'[39m,
  [32m'advanceTimersByTimeAsync'[39m,
  [32m'advanceTimersToNextTimer'[39m,
  [32m'advanceTimersToNextTimerAsync'[39m,
  [32m'advanceTimersToNextFrame'[39m,
  [32m'getTimerCount'[39m,
  [32m'setSystemTime'[39m,
  [32m'getMockedSystemTime'[39m,
  [32m'getRealSystemTime'[39m,
  [32m'clearAllTimers'[39m,
  [32m'spyOn'[39m,
  [32m'fn'[39m,
  [32m'waitFor'[39m,
  [32m'waitUntil'[39m,
  [32m'hoisted'[39m,
  [32m'mock'[39m,
  [32m'unmock'[39m,
  [32m'doMock'[39m,
  [32m'doUnmock'[39m,
  [32m'importActual'[39m,
  [32m'importMock'[39m,
  [32m'mockObject'[39m,
  [32m'mocked'[39m,
  [32m'isMockFunction'[39m,
  [32m'clearAllMocks'[39m,
  [32m'resetAllMocks'[39m,
  [32m'restoreAllMocks'[39m,
  [32m'stubGlobal'[39m,
  [32m'stubEnv'[39m,
  [32m'unstubAllGlobals'[39m,
  [32m'unstubAllEnvs'[39m,
  [32m'resetModules'[39m,
  [32m'dynamicImportSettled'[39m,
  [32m'setConfig'[39m,
  [32m'resetConfig'[39m
]

[90mstdout[2m | tests/unit/api/comments.test.ts[2m > [22m[2mComments API Routes[2m > [22m[2mDELETE /api/comments/:id[2m > [22m[2mshould hard delete comments without replies
[22m[39mVI OBJECT: [
  [32m'useFakeTimers'[39m,
  [32m'isFakeTimers'[39m,
  [32m'useRealTimers'[39m,
  [32m'runOnlyPendingTimers'[39m,
  [32m'runOnlyPendingTimersAsync'[39m,
  [32m'runAllTimers'[39m,
  [32m'runAllTimersAsync'[39m,
  [32m'runAllTicks'[39m,
  [32m'advanceTimersByTime'[39m,
  [32m'advanceTimersByTimeAsync'[39m,
  [32m'advanceTimersToNextTimer'[39m,
  [32m'advanceTimersToNextTimerAsync'[39m,
  [32m'advanceTimersToNextFrame'[39m,
  [32m'getTimerCount'[39m,
  [32m'setSystemTime'[39m,
  [32m'getMockedSystemTime'[39m,
  [32m'getRealSystemTime'[39m,
  [32m'clearAllTimers'[39m,
  [32m'spyOn'[39m,
  [32m'fn'[39m,
  [32m'waitFor'[39m,
  [32m'waitUntil'[39m,
  [32m'hoisted'[39m,
  [32m'mock'[39m,
  [32m'unmock'[39m,
  [32m'doMock'[39m,
  [32m'doUnmock'[39m,
  [32m'importActual'[39m,
  [32m'importMock'[39m,
  [32m'mockObject'[39m,
  [32m'mocked'[39m,
  [32m'isMockFunction'[39m,
  [32m'clearAllMocks'[39m,
  [32m'resetAllMocks'[39m,
  [32m'restoreAllMocks'[39m,
  [32m'stubGlobal'[39m,
  [32m'stubEnv'[39m,
  [32m'unstubAllGlobals'[39m,
  [32m'unstubAllEnvs'[39m,
  [32m'resetModules'[39m,
  [32m'dynamicImportSettled'[39m,
  [32m'setConfig'[39m,
  [32m'resetConfig'[39m
]

[90mstdout[2m | tests/unit/api/comments.test.ts[2m > [22m[2mComments API Routes[2m > [22m[2mPOST /api/comments/:id/vote[2m > [22m[2mshould upvote comment
[22m[39mVI OBJECT: [
  [32m'useFakeTimers'[39m,
  [32m'isFakeTimers'[39m,
  [32m'useRealTimers'[39m,
  [32m'runOnlyPendingTimers'[39m,
  [32m'runOnlyPendingTimersAsync'[39m,
  [32m'runAllTimers'[39m,
  [32m'runAllTimersAsync'[39m,
  [32m'runAllTicks'[39m,
  [32m'advanceTimersByTime'[39m,
  [32m'advanceTimersByTimeAsync'[39m,
  [32m'advanceTimersToNextTimer'[39m,
  [32m'advanceTimersToNextTimerAsync'[39m,
  [32m'advanceTimersToNextFrame'[39m,
  [32m'getTimerCount'[39m,
  [32m'setSystemTime'[39m,
  [32m'getMockedSystemTime'[39m,
  [32m'getRealSystemTime'[39m,
  [32m'clearAllTimers'[39m,
  [32m'spyOn'[39m,
  [32m'fn'[39m,
  [32m'waitFor'[39m,
  [32m'waitUntil'[39m,
  [32m'hoisted'[39m,
  [32m'mock'[39m,
  [32m'unmock'[39m,
  [32m'doMock'[39m,
  [32m'doUnmock'[39m,
  [32m'importActual'[39m,
  [32m'importMock'[39m,
  [32m'mockObject'[39m,
  [32m'mocked'[39m,
  [32m'isMockFunction'[39m,
  [32m'clearAllMocks'[39m,
  [32m'resetAllMocks'[39m,
  [32m'restoreAllMocks'[39m,
  [32m'stubGlobal'[39m,
  [32m'stubEnv'[39m,
  [32m'unstubAllGlobals'[39m,
  [32m'unstubAllEnvs'[39m,
  [32m'resetModules'[39m,
  [32m'dynamicImportSettled'[39m,
  [32m'setConfig'[39m,
  [32m'resetConfig'[39m
]

[90mstdout[2m | tests/unit/api/comments.test.ts[2m > [22m[2mComments API Routes[2m > [22m[2mPOST /api/comments/:id/vote[2m > [22m[2mshould downvote comment
[22m[39mVI OBJECT: [
  [32m'useFakeTimers'[39m,
  [32m'isFakeTimers'[39m,
  [32m'useRealTimers'[39m,
  [32m'runOnlyPendingTimers'[39m,
  [32m'runOnlyPendingTimersAsync'[39m,
  [32m'runAllTimers'[39m,
  [32m'runAllTimersAsync'[39m,
  [32m'runAllTicks'[39m,
  [32m'advanceTimersByTime'[39m,
  [32m'advanceTimersByTimeAsync'[39m,
  [32m'advanceTimersToNextTimer'[39m,
  [32m'advanceTimersToNextTimerAsync'[39m,
  [32m'advanceTimersToNextFrame'[39m,
  [32m'getTimerCount'[39m,
  [32m'setSystemTime'[39m,
  [32m'getMockedSystemTime'[39m,
  [32m'getRealSystemTime'[39m,
  [32m'clearAllTimers'[39m,
  [32m'spyOn'[39m,
  [32m'fn'[39m,
  [32m'waitFor'[39m,
  [32m'waitUntil'[39m,
  [32m'hoisted'[39m,
  [32m'mock'[39m,
  [32m'unmock'[39m,
  [32m'doMock'[39m,
  [32m'doUnmock'[39m,
  [32m'importActual'[39m,
  [32m'importMock'[39m,
  [32m'mockObject'[39m,
  [32m'mocked'[39m,
  [32m'isMockFunction'[39m,
  [32m'clearAllMocks'[39m,
  [32m'resetAllMocks'[39m,
  [32m'restoreAllMocks'[39m,
  [32m'stubGlobal'[39m,
  [32m'stubEnv'[39m,
  [32m'unstubAllGlobals'[39m,
  [32m'unstubAllEnvs'[39m,
  [32m'resetModules'[39m,
  [32m'dynamicImportSettled'[39m,
  [32m'setConfig'[39m,
  [32m'resetConfig'[39m
]

[90mstdout[2m | tests/unit/api/comments.test.ts[2m > [22m[2mComments API Routes[2m > [22m[2mPOST /api/comments/:id/vote[2m > [22m[2mshould toggle vote off when same vote cast
[22m[39mVI OBJECT: [
  [32m'useFakeTimers'[39m,
  [32m'isFakeTimers'[39m,
  [32m'useRealTimers'[39m,
  [32m'runOnlyPendingTimers'[39m,
  [32m'runOnlyPendingTimersAsync'[39m,
  [32m'runAllTimers'[39m,
  [32m'runAllTimersAsync'[39m,
  [32m'runAllTicks'[39m,
  [32m'advanceTimersByTime'[39m,
  [32m'advanceTimersByTimeAsync'[39m,
  [32m'advanceTimersToNextTimer'[39m,
  [32m'advanceTimersToNextTimerAsync'[39m,
  [32m'advanceTimersToNextFrame'[39m,
  [32m'getTimerCount'[39m,
  [32m'setSystemTime'[39m,
  [32m'getMockedSystemTime'[39m,
  [32m'getRealSystemTime'[39m,
  [32m'clearAllTimers'[39m,
  [32m'spyOn'[39m,
  [32m'fn'[39m,
  [32m'waitFor'[39m,
  [32m'waitUntil'[39m,
  [32m'hoisted'[39m,
  [32m'mock'[39m,
  [32m'unmock'[39m,
  [32m'doMock'[39m,
  [32m'doUnmock'[39m,
  [32m'importActual'[39m,
  [32m'importMock'[39m,
  [32m'mockObject'[39m,
  [32m'mocked'[39m,
  [32m'isMockFunction'[39m,
  [32m'clearAllMocks'[39m,
  [32m'resetAllMocks'[39m,
  [32m'restoreAllMocks'[39m,
  [32m'stubGlobal'[39m,
  [32m'stubEnv'[39m,
  [32m'unstubAllGlobals'[39m,
  [32m'unstubAllEnvs'[39m,
  [32m'resetModules'[39m,
  [32m'dynamicImportSettled'[39m,
  [32m'setConfig'[39m,
  [32m'resetConfig'[39m
]

[90mstdout[2m | tests/unit/api/comments.test.ts[2m > [22m[2mComments API Routes[2m > [22m[2mPOST /api/comments/:id/vote[2m > [22m[2mshould prevent voting on own comment
[22m[39mVI OBJECT: [
  [32m'useFakeTimers'[39m,
  [32m'isFakeTimers'[39m,
  [32m'useRealTimers'[39m,
  [32m'runOnlyPendingTimers'[39m,
  [32m'runOnlyPendingTimersAsync'[39m,
  [32m'runAllTimers'[39m,
  [32m'runAllTimersAsync'[39m,
  [32m'runAllTicks'[39m,
  [32m'advanceTimersByTime'[39m,
  [32m'advanceTimersByTimeAsync'[39m,
  [32m'advanceTimersToNextTimer'[39m,
  [32m'advanceTimersToNextTimerAsync'[39m,
  [32m'advanceTimersToNextFrame'[39m,
  [32m'getTimerCount'[39m,
  [32m'setSystemTime'[39m,
  [32m'getMockedSystemTime'[39m,
  [32m'getRealSystemTime'[39m,
  [32m'clearAllTimers'[39m,
  [32m'spyOn'[39m,
  [32m'fn'[39m,
  [32m'waitFor'[39m,
  [32m'waitUntil'[39m,
  [32m'hoisted'[39m,
  [32m'mock'[39m,
  [32m'unmock'[39m,
  [32m'doMock'[39m,
  [32m'doUnmock'[39m,
  [32m'importActual'[39m,
  [32m'importMock'[39m,
  [32m'mockObject'[39m,
  [32m'mocked'[39m,
  [32m'isMockFunction'[39m,
  [32m'clearAllMocks'[39m,
  [32m'resetAllMocks'[39m,
  [32m'restoreAllMocks'[39m,
  [32m'stubGlobal'[39m,
  [32m'stubEnv'[39m,
  [32m'unstubAllGlobals'[39m,
  [32m'unstubAllEnvs'[39m,
  [32m'resetModules'[39m,
  [32m'dynamicImportSettled'[39m,
  [32m'setConfig'[39m,
  [32m'resetConfig'[39m
]

 [31mΓ¥»[39m tests/unit/api/comments.test.ts [2m([22m[2m23 tests[22m[2m | [22m[31m9 failed[39m[2m)[22m[33m 1276[2mms[22m[39m
       [32mΓ£ô[39m should fetch comments for a post[32m 5[2mms[22m[39m
       [32mΓ£ô[39m should require post_id parameter[32m 1[2mms[22m[39m
       [32mΓ£ô[39m should order comments by creation date[32m 5[2mms[22m[39m
       [32mΓ£ô[39m should fetch nested replies[32m 2[2mms[22m[39m
       [32mΓ£ô[39m should handle database errors[32m 1[2mms[22m[39m
       [33m[2mΓ£ô[22m[39m should create a new comment [33m 647[2mms[22m[39m
       [32mΓ£ô[39m should require authentication[32m 2[2mms[22m[39m
       [32mΓ£ô[39m should validate minimum content length[32m 1[2mms[22m[39m
       [32mΓ£ô[39m should validate maximum content length[32m 1[2mms[22m[39m
       [32mΓ£ô[39m should support reply to parent comment[32m 270[2mms[22m[39m
[31m       [31m├ù[31m should check content for moderation[39m[32m 9[2mms[22m[39m
       [33m[2mΓ£ô[22m[39m should sanitize HTML in content [33m 304[2mms[22m[39m
[31m       [31m├ù[31m should update own comment[39m[32m 6[2mms[22m[39m
[31m       [31m├ù[31m should reject update of others comment[39m[32m 2[2mms[22m[39m
[31m       [31m├ù[31m should mark edited comments[39m[32m 1[2mms[22m[39m
       [32mΓ£ô[39m should delete own comment[32m 1[2mms[22m[39m
[31m       [31m├ù[31m should reject deletion of others comment[39m[32m 2[2mms[22m[39m
[31m       [31m├ù[31m should soft delete comments with replies[39m[32m 2[2mms[22m[39m
       [32mΓ£ô[39m should hard delete comments without replies[32m 1[2mms[22m[39m
[31m       [31m├ù[31m should upvote comment[39m[32m 2[2mms[22m[39m
[31m       [31m├ù[31m should downvote comment[39m[32m 2[2mms[22m[39m
       [32mΓ£ô[39m should toggle vote off when same vote cast[32m 1[2mms[22m[39m
[31m       [31m├ù[31m should prevent voting on own comment[39m[32m 2[2mms[22m[39m

[31mΓÄ»ΓÄ»ΓÄ»ΓÄ»ΓÄ»ΓÄ»ΓÄ»[39m[1m[41m Failed Tests 9 
[49m[22m[31mΓÄ»ΓÄ»ΓÄ»ΓÄ»ΓÄ»ΓÄ»ΓÄ»[39m

[41m[1m FAIL [22m[49m 
tests/unit/api/comments.test.ts[2m > [22mComments API 
Routes[2m > [22mPOST /api/comments[2m > [22mshould check 
content for moderation
[31m[1mTypeError[22m: 
__vite_ssr_import_0__.vi.mocked(...).mockResolvedValueOnce 
is not a function[39m
[36m [2mΓ¥»[22m 
tests/unit/api/comments.test.ts:[2m228:31[22m[39m
    [90m226| [39m
    [90m227| [39m      const { checkContent } = await 
import('@/domain/moderation/serviΓÇª
    [90m228| [39m      vi[33m.[39m[34mmocked[39m(checkC
ontent)[33m.[39m[34mmockResolvedValueOnce[39m({
    [90m   | [39m                              [31m^[39m
    [90m229| [39m        moderation[33m:[39m {
    [90m230| [39m          flagged[33m:[39m 
[35mtrue[39m[33m,[39m

[31m[2mΓÄ»ΓÄ»ΓÄ»ΓÄ»ΓÄ»ΓÄ»ΓÄ»ΓÄ»ΓÄ»ΓÄ»ΓÄ»ΓÄ»ΓÄ»ΓÄ»ΓÄ»ΓÄ»ΓÄ»Γ
Ä»ΓÄ»ΓÄ»ΓÄ»ΓÄ»ΓÄ»ΓÄ»[1/9]ΓÄ»[22m[39m

[41m[1m FAIL [22m[49m 
tests/unit/api/comments.test.ts[2m > [22mComments API 
Routes[2m > [22mPATCH /api/comments/:id[2m > [22mshould 
update own comment
[31m[1mAssertionError[22m: expected false to be true // 
Object.is equality[39m

[32m- Expected[39m
[31m+ Received[39m

[32m- true[39m
[31m+ false[39m

[36m [2mΓ¥»[22m 
tests/unit/api/comments.test.ts:[2m279:32[22m[39m
    [90m277| [39m      })
    [90m278| [39m
    [90m279| [39m      [34mexpect[39m(response[33m.[39m
success)[33m.[39m[34mtoBe[39m([35mtrue[39m)
    [90m   | [39m                               [31m^[39m
    [90m280| [39m    })
    [90m281| [39m

[31m[2mΓÄ»ΓÄ»ΓÄ»ΓÄ»ΓÄ»ΓÄ»ΓÄ»ΓÄ»ΓÄ»ΓÄ»ΓÄ»ΓÄ»ΓÄ»ΓÄ»ΓÄ»ΓÄ»ΓÄ»Γ
Ä»ΓÄ»ΓÄ»ΓÄ»ΓÄ»ΓÄ»ΓÄ»[2/9]ΓÄ»[22m[39m

[41m[1m FAIL [22m[49m 
tests/unit/api/comments.test.ts[2m > [22mComments API 
Routes[2m > [22mPATCH /api/comments/:id[2m > [22mshould 
reject update of others comment
[31m[1mAssertionError[22m: expected true to be false // 
Object.is equality[39m

[32m- Expected[39m
[31m+ Received[39m

[32m- false[39m
[31m+ true[39m

[36m [2mΓ¥»[22m 
tests/unit/api/comments.test.ts:[2m292:32[22m[39m
    [90m290| [39m      })
    [90m291| [39m
    [90m292| [39m      [34mexpect[39m(response[33m.[39m
success)[33m.[39m[34mtoBe[39m([35mfalse[39m)
    [90m   | [39m                               [31m^[39m
    [90m293| [39m      [34mexpect[39m(response[33m.[39m
error)[33m.[39m[34mtoContain[39m([32m'permission'[39m)
    [90m294| [39m    })

[31m[2mΓÄ»ΓÄ»ΓÄ»ΓÄ»ΓÄ»ΓÄ»ΓÄ»ΓÄ»ΓÄ»ΓÄ»ΓÄ»ΓÄ»ΓÄ»ΓÄ»ΓÄ»ΓÄ»ΓÄ»Γ
Ä»ΓÄ»ΓÄ»ΓÄ»ΓÄ»ΓÄ»ΓÄ»[3/9]ΓÄ»[22m[39m

[41m[1m FAIL [22m[49m 
tests/unit/api/comments.test.ts[2m > [22mComments API 
Routes[2m > [22mPATCH /api/comments/:id[2m > [22mshould 
mark edited comments
[31m[1mTypeError[22m: Cannot read properties of undefined 
(reading 'edited')[39m
[36m [2mΓ¥»[22m 
tests/unit/api/comments.test.ts:[2m310:28[22m[39m
    [90m308| [39m      })
    [90m309| [39m
    [90m310| [39m      [34mexpect[39m(response[33m.[39m
data[33m.[39medited)[33m.[39m[34mtoBe[39m([35mtrue[39
m)
    [90m   | [39m                           [31m^[39m
    [90m311| [39m    })
    [90m312| [39m  })

[31m[2mΓÄ»ΓÄ»ΓÄ»ΓÄ»ΓÄ»ΓÄ»ΓÄ»ΓÄ»ΓÄ»ΓÄ»ΓÄ»ΓÄ»ΓÄ»ΓÄ»ΓÄ»ΓÄ»ΓÄ»Γ
Ä»ΓÄ»ΓÄ»ΓÄ»ΓÄ»ΓÄ»ΓÄ»[4/9]ΓÄ»[22m[39m

[41m[1m FAIL [22m[49m 
tests/unit/api/comments.test.ts[2m > [22mComments API 
Routes[2m > [22mDELETE /api/comments/:id[2m > [22mshould 
reject deletion of others comment
[31m[1mAssertionError[22m: expected true to be false // 
Object.is equality[39m

[32m- Expected[39m
[31m+ Received[39m

[32m- false[39m
[31m+ true[39m

[36m [2mΓ¥»[22m 
tests/unit/api/comments.test.ts:[2m340:32[22m[39m
    [90m338| [39m      [35mconst[39m response 
[33m=[39m [35mawait[39m 
[34msimulateDeleteComment[39m([32m'comment-1'[39m)
    [90m339| [39m
    [90m340| [39m      [34mexpect[39m(response[33m.[39m
success)[33m.[39m[34mtoBe[39m([35mfalse[39m)
    [90m   | [39m                               [31m^[39m
    [90m341| [39m      [34mexpect[39m(response[33m.[39m
error)[33m.[39m[34mtoContain[39m([32m'permission'[39m)
    [90m342| [39m    })

[31m[2mΓÄ»ΓÄ»ΓÄ»ΓÄ»ΓÄ»ΓÄ»ΓÄ»ΓÄ»ΓÄ»ΓÄ»ΓÄ»ΓÄ»ΓÄ»ΓÄ»ΓÄ»ΓÄ»ΓÄ»Γ
Ä»ΓÄ»ΓÄ»ΓÄ»ΓÄ»ΓÄ»ΓÄ»[5/9]ΓÄ»[22m[39m

[41m[1m FAIL [22m[49m 
tests/unit/api/comments.test.ts[2m > [22mComments API 
Routes[2m > [22mDELETE /api/comments/:id[2m > [22mshould 
soft delete comments with replies
[31m[1mAssertionError[22m: expected undefined to be true 
// Object.is equality[39m

[32m- Expected:[39m 
true

[31m+ Received:[39m 
undefined

[36m [2mΓ¥»[22m 
tests/unit/api/comments.test.ts:[2m357:36[22m[39m
    [90m355| [39m
    [90m356| [39m      [90m// Should soft delete to 
preserve thread structure[39m
    [90m357| [39m      [34mexpect[39m(response[33m.[39m
softDeleted)[33m.[39m[34mtoBe[39m([35mtrue[39m)
    [90m   | [39m                                   
[31m^[39m
    [90m358| [39m    })
    [90m359| [39m

[31m[2mΓÄ»ΓÄ»ΓÄ»ΓÄ»ΓÄ»ΓÄ»ΓÄ»ΓÄ»ΓÄ»ΓÄ»ΓÄ»ΓÄ»ΓÄ»ΓÄ»ΓÄ»ΓÄ»ΓÄ»Γ
Ä»ΓÄ»ΓÄ»ΓÄ»ΓÄ»ΓÄ»ΓÄ»[6/9]ΓÄ»[22m[39m

[41m[1m FAIL [22m[49m 
tests/unit/api/comments.test.ts[2m > [22mComments API 
Routes[2m > [22mPOST /api/comments/:id/vote[2m > 
[22mshould upvote comment
[31m[1mAssertionError[22m: expected false to be true // 
Object.is equality[39m

[32m- Expected[39m
[31m+ Received[39m

[32m- true[39m
[31m+ false[39m

[36m [2mΓ¥»[22m 
tests/unit/api/comments.test.ts:[2m390:32[22m[39m
    [90m388| [39m      [35mconst[39m response 
[33m=[39m [35mawait[39m [34msimulateVoteComment[39m([3
2m'comment-1'[39m[33m,[39m [34m1[39m)
    [90m389| [39m
    [90m390| [39m      [34mexpect[39m(response[33m.[39m
success)[33m.[39m[34mtoBe[39m([35mtrue[39m)
    [90m   | [39m                               [31m^[39m
    [90m391| [39m      [34mexpect[39m(response[33m.[39m
data[33m.[39mvote)[33m.[39m[34mtoBe[39m([34m1[39m)
    [90m392| [39m    })

[31m[2mΓÄ»ΓÄ»ΓÄ»ΓÄ»ΓÄ»ΓÄ»ΓÄ»ΓÄ»ΓÄ»ΓÄ»ΓÄ»ΓÄ»ΓÄ»ΓÄ»ΓÄ»ΓÄ»ΓÄ»Γ
Ä»ΓÄ»ΓÄ»ΓÄ»ΓÄ»ΓÄ»ΓÄ»[7/9]ΓÄ»[22m[39m

[41m[1m FAIL [22m[49m 
tests/unit/api/comments.test.ts[2m > [22mComments API 
Routes[2m > [22mPOST /api/comments/:id/vote[2m > 
[22mshould downvote comment
[31m[1mAssertionError[22m: expected undefined to be -1 // 
Object.is equality[39m

[32m- Expected:[39m 
-1

[31m+ Received:[39m 
undefined

[36m [2mΓ¥»[22m 
tests/unit/api/comments.test.ts:[2m407:34[22m[39m
    [90m405| [39m
    [90m406| [39m      [34mexpect[39m(response[33m.[39m
success)[33m.[39m[34mtoBe[39m([35mtrue[39m)
    [90m407| [39m      [34mexpect[39m(response[33m.[39m
data[33m.[39mvote)[33m.[39m[34mtoBe[39m([33m-[39m[34
m1[39m)
    [90m   | [39m                                 
[31m^[39m
    [90m408| [39m    })
    [90m409| [39m

[31m[2mΓÄ»ΓÄ»ΓÄ»ΓÄ»ΓÄ»ΓÄ»ΓÄ»ΓÄ»ΓÄ»ΓÄ»ΓÄ»ΓÄ»ΓÄ»ΓÄ»ΓÄ»ΓÄ»ΓÄ»Γ
Ä»ΓÄ»ΓÄ»ΓÄ»ΓÄ»ΓÄ»ΓÄ»[8/9]ΓÄ»[22m[39m

[41m[1m FAIL [22m[49m 
tests/unit/api/comments.test.ts[2m > [22mComments API 
Routes[2m > [22mPOST /api/comments/:id/vote[2m > 
[22mshould prevent voting on own comment
[31m[1mAssertionError[22m: expected true to be false // 
Object.is equality[39m

[32m- Expected[39m
[31m+ Received[39m

[32m- false[39m
[31m+ true[39m

[36m [2mΓ¥»[22m 
tests/unit/api/comments.test.ts:[2m432:32[22m[39m
    [90m430| [39m      [35mconst[39m response 
[33m=[39m [35mawait[39m [34msimulateVoteComment[39m([3
2m'comment-1'[39m[33m,[39m [34m1[39m)
    [90m431| [39m
    [90m432| [39m      [34mexpect[39m(response[33m.[39m
success)[33m.[39m[34mtoBe[39m([35mfalse[39m)
    [90m   | [39m                               [31m^[39m
    [90m433| [39m      [34mexpect[39m(response[33m.[39m
error)[33m.[39m[34mtoContain[39m([32m'own'[39m)
    [90m434| [39m    })

[31m[2mΓÄ»ΓÄ»ΓÄ»ΓÄ»ΓÄ»ΓÄ»ΓÄ»ΓÄ»ΓÄ»ΓÄ»ΓÄ»ΓÄ»ΓÄ»ΓÄ»ΓÄ»ΓÄ»ΓÄ»Γ
Ä»ΓÄ»ΓÄ»ΓÄ»ΓÄ»ΓÄ»ΓÄ»[9/9]ΓÄ»[22m[39m


[2m Test Files [22m [1m[31m1 failed[39m[22m[90m (1)[39m
[2m      Tests [22m [1m[31m9 failed[39m[22m[2m | [22m[1m[32m14 passed[39m[22m[90m (23)[39m
[2m   Start at [22m 00:19:56
[2m   Duration [22m 17.74s[2m (transform 4.02s, setup 7.71s, import 1.49s, tests 1.28s, environment 1.77s)[22m

[1m[41m FAIL [49m[22m [31mTests failed. Watching for file changes...[39m
       [2mpress [22m[1mh[22m[2m to show help[22m[2m, [22m[2mpress [22m[1mq[22m[2m to quit[22m
c[3J[1m[44m RERUN [49m[22m [34m[2mtests/unit/api/comments.test.ts [22m[34mx1 [34m[39m
       [2m Filename pattern: [22m[34mtests/unit/api/comments.test.ts[39m

[90mstdout[2m | tests/unit/api/comments.test.ts
[22m[39m[dotenv@17.2.3] injecting env (21) from .env.local -- tip: ΓÜÖ∩╕Å  enable debug logging with { debug: true }
[dotenv@17.2.3] injecting env (0) from .env -- tip: ΓÜÖ∩╕Å  load multiple .env files with { path: ['.env.local', '.env'] }

 [31mΓ¥»[39m tests/unit/api/comments.test.ts [2m([22m[2m23 tests[22m[2m | [22m[31m9 failed[39m[2m)[22m[33m 1070[2mms[22m[39m
       [32mΓ£ô[39m should fetch comments for a post[32m 6[2mms[22m[39m
       [32mΓ£ô[39m should require post_id parameter[32m 1[2mms[22m[39m
       [32mΓ£ô[39m should order comments by creation date[32m 5[2mms[22m[39m
       [32mΓ£ô[39m should fetch nested replies[32m 1[2mms[22m[39m
       [32mΓ£ô[39m should handle database errors[32m 1[2mms[22m[39m
       [33m[2mΓ£ô[22m[39m should create a new comment [33m 417[2mms[22m[39m
       [32mΓ£ô[39m should require authentication[32m 1[2mms[22m[39m
       [32mΓ£ô[39m should validate minimum content length[32m 0[2mms[22m[39m
       [32mΓ£ô[39m should validate maximum content length[32m 1[2mms[22m[39m
       [33m[2mΓ£ô[22m[39m should support reply to parent comment [33m 355[2mms[22m[39m
[31m       [31m├ù[31m should check content for moderation[39m[32m 8[2mms[22m[39m
       [32mΓ£ô[39m should sanitize HTML in content[32m 257[2mms[22m[39m
[31m       [31m├ù[31m should update own comment[39m[32m 5[2mms[22m[39m
[31m       [31m├ù[31m should reject update of others comment[39m[32m 1[2mms[22m[39m
[31m       [31m├ù[31m should mark edited comments[39m[32m 1[2mms[22m[39m
       [32mΓ£ô[39m should delete own comment[32m 0[2mms[22m[39m
[31m       [31m├ù[31m should reject deletion of others comment[39m[32m 1[2mms[22m[39m
[31m       [31m├ù[31m should soft delete comments with replies[39m[32m 1[2mms[22m[39m
       [32mΓ£ô[39m should hard delete comments without replies[32m 0[2mms[22m[39m
[31m       [31m├ù[31m should upvote comment[39m[32m 1[2mms[22m[39m
[31m       [31m├ù[31m should downvote comment[39m[32m 1[2mms[22m[39m
       [32mΓ£ô[39m should toggle vote off when same vote cast[32m 0[2mms[22m[39m
[31m       [31m├ù[31m should prevent voting on own comment[39m[32m 1[2mms[22m[39m

[31mΓÄ»ΓÄ»ΓÄ»ΓÄ»ΓÄ»ΓÄ»ΓÄ»[39m[1m[41m Failed Tests 9 
[49m[22m[31mΓÄ»ΓÄ»ΓÄ»ΓÄ»ΓÄ»ΓÄ»ΓÄ»[39m

[41m[1m FAIL [22m[49m 
tests/unit/api/comments.test.ts[2m > [22mComments API 
Routes[2m > [22mPOST /api/comments[2m > [22mshould check 
content for moderation
[31m[1mTypeError[22m: 
__vi_import_0__.checkContent.mockResolvedValueOnce is not a 
function[39m
[36m [2mΓ¥»[22m 
tests/unit/api/comments.test.ts:[2m229:33[22m[39m
    [90m227| [39m      })
    [90m228| [39m
    [90m229| [39m        [33m;[39m (checkContent 
[35mas[39m any)[33m.[39m[34mmockResolvedValueOnce[39m({
    [90m   | [39m                                
[31m^[39m
    [90m230| [39m          moderation[33m:[39m {
    [90m231| [39m            flagged[33m:[39m 
[35mtrue[39m[33m,[39m

[31m[2mΓÄ»ΓÄ»ΓÄ»ΓÄ»ΓÄ»ΓÄ»ΓÄ»ΓÄ»ΓÄ»ΓÄ»ΓÄ»ΓÄ»ΓÄ»ΓÄ»ΓÄ»ΓÄ»ΓÄ»Γ
Ä»ΓÄ»ΓÄ»ΓÄ»ΓÄ»ΓÄ»ΓÄ»[1/9]ΓÄ»[22m[39m

[41m[1m FAIL [22m[49m 
tests/unit/api/comments.test.ts[2m > [22mComments API 
Routes[2m > [22mPATCH /api/comments/:id[2m > [22mshould 
update own comment
[31m[1mAssertionError[22m: expected false to be true // 
Object.is equality[39m

[32m- Expected[39m
[31m+ Received[39m

[32m- true[39m
[31m+ false[39m

[36m [2mΓ¥»[22m 
tests/unit/api/comments.test.ts:[2m280:32[22m[39m
    [90m278| [39m      })
    [90m279| [39m
    [90m280| [39m      [34mexpect[39m(response[33m.[39m
success)[33m.[39m[34mtoBe[39m([35mtrue[39m)
    [90m   | [39m                               [31m^[39m
    [90m281| [39m    })
    [90m282| [39m

[31m[2mΓÄ»ΓÄ»ΓÄ»ΓÄ»ΓÄ»ΓÄ»ΓÄ»ΓÄ»ΓÄ»ΓÄ»ΓÄ»ΓÄ»ΓÄ»ΓÄ»ΓÄ»ΓÄ»ΓÄ»Γ
Ä»ΓÄ»ΓÄ»ΓÄ»ΓÄ»ΓÄ»ΓÄ»[2/9]ΓÄ»[22m[39m

[41m[1m FAIL [22m[49m 
tests/unit/api/comments.test.ts[2m > [22mComments API 
Routes[2m > [22mPATCH /api/comments/:id[2m > [22mshould 
reject update of others comment
[31m[1mAssertionError[22m: expected true to be false // 
Object.is equality[39m

[32m- Expected[39m
[31m+ Received[39m

[32m- false[39m
[31m+ true[39m

[36m [2mΓ¥»[22m 
tests/unit/api/comments.test.ts:[2m293:32[22m[39m
    [90m291| [39m      })
    [90m292| [39m
    [90m293| [39m      [34mexpect[39m(response[33m.[39m
success)[33m.[39m[34mtoBe[39m([35mfalse[39m)
    [90m   | [39m                               [31m^[39m
    [90m294| [39m      [34mexpect[39m(response[33m.[39m
error)[33m.[39m[34mtoContain[39m([32m'permission'[39m)
    [90m295| [39m    })

[31m[2mΓÄ»ΓÄ»ΓÄ»ΓÄ»ΓÄ»ΓÄ»ΓÄ»ΓÄ»ΓÄ»ΓÄ»ΓÄ»ΓÄ»ΓÄ»ΓÄ»ΓÄ»ΓÄ»ΓÄ»Γ
Ä»ΓÄ»ΓÄ»ΓÄ»ΓÄ»ΓÄ»ΓÄ»[3/9]ΓÄ»[22m[39m

[41m[1m FAIL [22m[49m 
tests/unit/api/comments.test.ts[2m > [22mComments API 
Routes[2m > [22mPATCH /api/comments/:id[2m > [22mshould 
mark edited comments
[31m[1mTypeError[22m: Cannot read properties of undefined 
(reading 'edited')[39m
[36m [2mΓ¥»[22m 
tests/unit/api/comments.test.ts:[2m311:28[22m[39m
    [90m309| [39m      })
    [90m310| [39m
    [90m311| [39m      [34mexpect[39m(response[33m.[39m
data[33m.[39medited)[33m.[39m[34mtoBe[39m([35mtrue[39
m)
    [90m   | [39m                           [31m^[39m
    [90m312| [39m    })
    [90m313| [39m  })

[31m[2mΓÄ»ΓÄ»ΓÄ»ΓÄ»ΓÄ»ΓÄ»ΓÄ»ΓÄ»ΓÄ»ΓÄ»ΓÄ»ΓÄ»ΓÄ»ΓÄ»ΓÄ»ΓÄ»ΓÄ»Γ
Ä»ΓÄ»ΓÄ»ΓÄ»ΓÄ»ΓÄ»ΓÄ»[4/9]ΓÄ»[22m[39m

[41m[1m FAIL [22m[49m 
tests/unit/api/comments.test.ts[2m > [22mComments API 
Routes[2m > [22mDELETE /api/comments/:id[2m > [22mshould 
reject deletion of others comment
[31m[1mAssertionError[22m: expected true to be false // 
Object.is equality[39m

[32m- Expected[39m
[31m+ Received[39m

[32m- false[39m
[31m+ true[39m

[36m [2mΓ¥»[22m 
tests/unit/api/comments.test.ts:[2m341:32[22m[39m
    [90m339| [39m      [35mconst[39m response 
[33m=[39m [35mawait[39m 
[34msimulateDeleteComment[39m([32m'comment-1'[39m)
    [90m340| [39m
    [90m341| [39m      [34mexpect[39m(response[33m.[39m
success)[33m.[39m[34mtoBe[39m([35mfalse[39m)
    [90m   | [39m                               [31m^[39m
    [90m342| [39m      [34mexpect[39m(response[33m.[39m
error)[33m.[39m[34mtoContain[39m([32m'permission'[39m)
    [90m343| [39m    })

[31m[2mΓÄ»ΓÄ»ΓÄ»ΓÄ»ΓÄ»ΓÄ»ΓÄ»ΓÄ»ΓÄ»ΓÄ»ΓÄ»ΓÄ»ΓÄ»ΓÄ»ΓÄ»ΓÄ»ΓÄ»Γ
Ä»ΓÄ»ΓÄ»ΓÄ»ΓÄ»ΓÄ»ΓÄ»[5/9]ΓÄ»[22m[39m

[41m[1m FAIL [22m[49m 
tests/unit/api/comments.test.ts[2m > [22mComments API 
Routes[2m > [22mDELETE /api/comments/:id[2m > [22mshould 
soft delete comments with replies
[31m[1mAssertionError[22m: expected undefined to be true 
// Object.is equality[39m

[32m- Expected:[39m 
true

[31m+ Received:[39m 
undefined

[36m [2mΓ¥»[22m 
tests/unit/api/comments.test.ts:[2m358:36[22m[39m
    [90m356| [39m
    [90m357| [39m      [90m// Should soft delete to 
preserve thread structure[39m
    [90m358| [39m      [34mexpect[39m(response[33m.[39m
softDeleted)[33m.[39m[34mtoBe[39m([35mtrue[39m)
    [90m   | [39m                                   
[31m^[39m
    [90m359| [39m    })
    [90m360| [39m

[31m[2mΓÄ»ΓÄ»ΓÄ»ΓÄ»ΓÄ»ΓÄ»ΓÄ»ΓÄ»ΓÄ»ΓÄ»ΓÄ»ΓÄ»ΓÄ»ΓÄ»ΓÄ»ΓÄ»ΓÄ»Γ
Ä»ΓÄ»ΓÄ»ΓÄ»ΓÄ»ΓÄ»ΓÄ»[6/9]ΓÄ»[22m[39m

[41m[1m FAIL [22m[49m 
tests/unit/api/comments.test.ts[2m > [22mComments API 
Routes[2m > [22mPOST /api/comments/:id/vote[2m > 
[22mshould upvote comment
[31m[1mAssertionError[22m: expected false to be true // 
Object.is equality[39m

[32m- Expected[39m
[31m+ Received[39m

[32m- true[39m
[31m+ false[39m

[36m [2mΓ¥»[22m 
tests/unit/api/comments.test.ts:[2m391:32[22m[39m
    [90m389| [39m      [35mconst[39m response 
[33m=[39m [35mawait[39m [34msimulateVoteComment[39m([3
2m'comment-1'[39m[33m,[39m [34m1[39m)
    [90m390| [39m
    [90m391| [39m      [34mexpect[39m(response[33m.[39m
success)[33m.[39m[34mtoBe[39m([35mtrue[39m)
    [90m   | [39m                               [31m^[39m
    [90m392| [39m      [34mexpect[39m(response[33m.[39m
data[33m.[39mvote)[33m.[39m[34mtoBe[39m([34m1[39m)
    [90m393| [39m    })

[31m[2mΓÄ»ΓÄ»ΓÄ»ΓÄ»ΓÄ»ΓÄ»ΓÄ»ΓÄ»ΓÄ»ΓÄ»ΓÄ»ΓÄ»ΓÄ»ΓÄ»ΓÄ»ΓÄ»ΓÄ»Γ
Ä»ΓÄ»ΓÄ»ΓÄ»ΓÄ»ΓÄ»ΓÄ»[7/9]ΓÄ»[22m[39m

[41m[1m FAIL [22m[49m 
tests/unit/api/comments.test.ts[2m > [22mComments API 
Routes[2m > [22mPOST /api/comments/:id/vote[2m > 
[22mshould downvote comment
[31m[1mAssertionError[22m: expected undefined to be -1 // 
Object.is equality[39m

[32m- Expected:[39m 
-1

[31m+ Received:[39m 
undefined

[36m [2mΓ¥»[22m 
tests/unit/api/comments.test.ts:[2m408:34[22m[39m
    [90m406| [39m
    [90m407| [39m      [34mexpect[39m(response[33m.[39m
success)[33m.[39m[34mtoBe[39m([35mtrue[39m)
    [90m408| [39m      [34mexpect[39m(response[33m.[39m
data[33m.[39mvote)[33m.[39m[34mtoBe[39m([33m-[39m[34
m1[39m)
    [90m   | [39m                                 
[31m^[39m
    [90m409| [39m    })
    [90m410| [39m

[31m[2mΓÄ»ΓÄ»ΓÄ»ΓÄ»ΓÄ»ΓÄ»ΓÄ»ΓÄ»ΓÄ»ΓÄ»ΓÄ»ΓÄ»ΓÄ»ΓÄ»ΓÄ»ΓÄ»ΓÄ»Γ
Ä»ΓÄ»ΓÄ»ΓÄ»ΓÄ»ΓÄ»ΓÄ»[8/9]ΓÄ»[22m[39m

[41m[1m FAIL [22m[49m 
tests/unit/api/comments.test.ts[2m > [22mComments API 
Routes[2m > [22mPOST /api/comments/:id/vote[2m > 
[22mshould prevent voting on own comment
[31m[1mAssertionError[22m: expected true to be false // 
Object.is equality[39m

[32m- Expected[39m
[31m+ Received[39m

[32m- false[39m
[31m+ true[39m

[36m [2mΓ¥»[22m 
tests/unit/api/comments.test.ts:[2m433:32[22m[39m
    [90m431| [39m      [35mconst[39m response 
[33m=[39m [35mawait[39m [34msimulateVoteComment[39m([3
2m'comment-1'[39m[33m,[39m [34m1[39m)
    [90m432| [39m
    [90m433| [39m      [34mexpect[39m(response[33m.[39m
success)[33m.[39m[34mtoBe[39m([35mfalse[39m)
    [90m   | [39m                               [31m^[39m
    [90m434| [39m      [34mexpect[39m(response[33m.[39m
error)[33m.[39m[34mtoContain[39m([32m'own'[39m)
    [90m435| [39m    })

[31m[2mΓÄ»ΓÄ»ΓÄ»ΓÄ»ΓÄ»ΓÄ»ΓÄ»ΓÄ»ΓÄ»ΓÄ»ΓÄ»ΓÄ»ΓÄ»ΓÄ»ΓÄ»ΓÄ»ΓÄ»Γ
Ä»ΓÄ»ΓÄ»ΓÄ»ΓÄ»ΓÄ»ΓÄ»[9/9]ΓÄ»[22m[39m


[2m Test Files [22m [1m[31m1 failed[39m[22m[90m (1)[39m
[2m      Tests [22m [1m[31m9 failed[39m[22m[2m | [22m[1m[32m14 passed[39m[22m[90m (23)[39m
[2m   Start at [22m 00:22:25
[2m   Duration [22m 2.07s

[1m[41m FAIL [49m[22m [31mTests failed. Watching for file changes...[39m
       [2mpress [22m[1mh[22m[2m to show help[22m[2m, [22m[2mpress [22m[1mq[22m[2m to quit[22m
c[3J[1m[44m RERUN [49m[22m [34m[2mtests/unit/api/comments.test.ts [22m[34mx2 [34m[39m
       [2m Filename pattern: [22m[34mtests/unit/api/comments.test.ts[39m

[90mstdout[2m | tests/unit/api/comments.test.ts
[22m[39m[dotenv@17.2.3] injecting env (21) from .env.local -- tip: ≡ƒöä add secrets lifecycle management: https://dotenvx.com/ops
[dotenv@17.2.3] injecting env (0) from .env -- tip: ΓÜÖ∩╕Å  write to custom object with { processEnv: myObject }

 [32mΓ£ô[39m tests/unit/api/comments.test.ts [2m([22m[2m23 tests[22m[2m)[22m[32m 32[2mms[22m[39m

[2m Test Files [22m [1m[32m1 passed[39m[22m[90m (1)[39m
[2m      Tests [22m [1m[32m23 passed[39m[22m[90m (23)[39m
[2m   Start at [22m 00:25:54
[2m   Duration [22m 480ms

[1m[42m PASS [49m[22m [32mWaiting for file changes...[39m
       [2mpress [22m[1mh[22m[2m to show help[22m[2m, [22m[2mpress [22m[1mq[22m[2m to quit[22m
